../Core/Src/main.c:80:6:printHeapSize	72	static
../Core/Src/main.c:96:5:main	40	static,ignoring_inline_asm
../Core/Src/main.c:206:6:SystemClock_Config	96	static
../Core/Src/main.c:267:13:MX_USART2_UART_Init	8	static
../Core/Src/main.c:302:13:MX_GPIO_Init	40	static
../Core/Src/main.c:334:6:red_task	16	static
../Core/Src/main.c:344:6:green_task	16	static
../Core/Src/main.c:356:6:yellow_task	16	static
../Core/Src/main.c:366:6:button_task	24	static
../Core/Src/main.c:395:6:StartDefaultTask	16	static
../Core/Src/main.c:413:6:HAL_TIM_PeriodElapsedCallback	16	static
../Core/Src/main.c:430:6:Error_Handler	4	static,ignoring_inline_asm
